BL51 BANKED LINKER/LOCATER V6.22.4.0                                                    07/13/2023  00:30:08  PAGE 1


BL51 BANKED LINKER/LOCATER V6.22.4.0, INVOKED BY:
C:\KEIL_V5\C51\BIN\BL51.EXE .\Objects\STARTUP.obj, .\Objects\tesst.obj TO .\Objects\test PRINT (.\Listings\test.m51) RAM
>> SIZE (256)


MEMORY MODEL: SMALL


INPUT MODULES INCLUDED:
  .\Objects\STARTUP.obj (?C_STARTUP)
  .\Objects\tesst.obj (TESST)
  C:\KEIL_V5\C51\LIB\C51S.LIB (?C?CLDPTR)


LINK MAP OF MODULE:  .\Objects\test (?C_STARTUP)


            TYPE    BASE      LENGTH    RELOCATION   SEGMENT NAME
            -----------------------------------------------------

            * * * * * * *   D A T A   M E M O R Y   * * * * * * *
            REG     0000H     0008H     ABSOLUTE     "REG BANK 0"
            DATA    0008H     0003H     UNIT         _DATA_GROUP_
            DATA    000BH     0002H     UNIT         ?DT?_SETCURSOR?TESST
            IDATA   000DH     0001H     UNIT         ?STACK

            * * * * * * *   C O D E   M E M O R Y   * * * * * * *
            CODE    0000H     0003H     ABSOLUTE     
                    0003H     07FDH                  *** GAP ***
            CODE    0800H     0030H     UNIT         ?PR?LCD_INIT?TESST
            CODE    0830H     0027H     UNIT         ?PR?_DELAY?TESST
            CODE    0857H     0025H     UNIT         ?PR?_PRINTSTRING?TESST
            CODE    087CH     0020H     UNIT         ?PR?_SETCURSOR?TESST
            CODE    089CH     001CH     UNIT         ?PR?MAIN?TESST
            CODE    08B8H     0019H     UNIT         ?C?LIB_CODE
            CODE    08D1H     0012H     UNIT         ?PR?_SENDLOW?TESST
            CODE    08E3H     0010H     UNIT         ?PR?LCD_ENABLE?TESST
            CODE    08F3H     000EH     UNIT         ?CO?TESST
            CODE    0901H     000CH     UNIT         ?C_C51STARTUP
            CODE    090DH     000CH     UNIT         ?PR?_SENDCMD?TESST
            CODE    0919H     000CH     UNIT         ?PR?_SENDDATA?TESST
            CODE    0925H     0009H     UNIT         ?PR?_SENDHIGH?TESST
            CODE    092EH     0005H     UNIT         ?PR?LCD_CLEAR?TESST
            CODE    0933H     0003H     UNIT         ?PR?_PRINTCHAR?TESST



OVERLAY MAP OF MODULE:   .\Objects\test (?C_STARTUP)


SEGMENT                          DATA_GROUP 
  +--> CALLED SEGMENT          START    LENGTH
----------------------------------------------
?C_C51STARTUP                  -----    -----
  +--> ?PR?MAIN?TESST

?PR?MAIN?TESST                 -----    -----
  +--> ?PR?LCD_INIT?TESST
BL51 BANKED LINKER/LOCATER V6.22.4.0                                                  07/13/2023  00:30:08  PAGE 2


  +--> ?PR?_DELAY?TESST
  +--> ?CO?TESST
  +--> ?PR?_PRINTSTRING?TESST

?PR?LCD_INIT?TESST             -----    -----
  +--> ?PR?_DELAY?TESST
  +--> ?PR?_SENDCMD?TESST

?PR?_DELAY?TESST               -----    -----
  +--> ?PR?_SENDCMD?TESST

?PR?_SENDCMD?TESST             -----    -----
  +--> ?PR?_SENDLOW?TESST
  +--> ?PR?LCD_ENABLE?TESST

?PR?_SENDLOW?TESST             -----    -----
  +--> ?PR?_SENDHIGH?TESST
  +--> ?PR?LCD_ENABLE?TESST

?PR?_PRINTSTRING?TESST         0008H    0003H
  +--> ?PR?_PRINTCHAR?TESST

?PR?_PRINTCHAR?TESST           -----    -----
  +--> ?PR?_SENDDATA?TESST

?PR?_SENDDATA?TESST            -----    -----
  +--> ?PR?_SENDLOW?TESST
  +--> ?PR?LCD_ENABLE?TESST



SYMBOL TABLE OF MODULE:  .\Objects\test (?C_STARTUP)

  VALUE           TYPE          NAME
  ----------------------------------

  -------         MODULE        ?C_STARTUP
  C:0901H         SEGMENT       ?C_C51STARTUP
  I:000DH         SEGMENT       ?STACK
  C:0000H         PUBLIC        ?C_STARTUP
  D:00E0H         SYMBOL        ACC
  D:00F0H         SYMBOL        B
  D:0083H         SYMBOL        DPH
  D:0082H         SYMBOL        DPL
  N:0000H         SYMBOL        IBPSTACK
  N:0100H         SYMBOL        IBPSTACKTOP
  N:0080H         SYMBOL        IDATALEN
  C:0904H         SYMBOL        IDATALOOP
  N:0000H         SYMBOL        PBPSTACK
  N:0100H         SYMBOL        PBPSTACKTOP
  N:0000H         SYMBOL        PDATALEN
  N:0000H         SYMBOL        PDATASTART
  N:0000H         SYMBOL        PPAGE
  N:0000H         SYMBOL        PPAGEENABLE
  D:00A0H         SYMBOL        PPAGE_SFR
  D:0081H         SYMBOL        SP
  C:0901H         SYMBOL        STARTUP1
BL51 BANKED LINKER/LOCATER V6.22.4.0                                                  07/13/2023  00:30:08  PAGE 3


  N:0000H         SYMBOL        XBPSTACK
  N:0000H         SYMBOL        XBPSTACKTOP
  N:0000H         SYMBOL        XDATALEN
  N:0000H         SYMBOL        XDATASTART
  C:0000H         LINE#         126
  C:0901H         LINE#         133
  C:0903H         LINE#         134
  C:0904H         LINE#         135
  C:0905H         LINE#         136
  C:0907H         LINE#         185
  C:090AH         LINE#         196
  -------         ENDMOD        ?C_STARTUP

  -------         MODULE        TESST
  C:0000H         SYMBOL        _ICE_DUMMY_
  C:08E3H         PUBLIC        LCD_Enable
  D:0080H         PUBLIC        P0
  C:090DH         PUBLIC        _sendCMD
  C:0837H         PUBLIC        _delay
  B:0080H.3       PUBLIC        EN
  B:0080H.1       PUBLIC        RS
  C:089CH         PUBLIC        main
  C:0919H         PUBLIC        _sendData
  B:0080H.2       PUBLIC        RW
  C:0857H         PUBLIC        _printString
  C:0925H         PUBLIC        _sendHigh
  C:087CH         PUBLIC        _SetCursor
  C:0933H         PUBLIC        _printChar
  C:092EH         PUBLIC        LCD_clear
  C:0800H         PUBLIC        LCD_Init
  D:0080H         PUBLIC        LCD
  C:08D9H         PUBLIC        _sendLow
  C:0830H         SYMBOL        L?0031
  -------         PROC          L?0030
  -------         ENDPROC       L?0030
  C:0830H         SYMBOL        L?0031
  -------         PROC          _DELAY
  D:0006H         SYMBOL        ms
  -------         DO            
  D:0004H         SYMBOL        i
  D:0002H         SYMBOL        j
  -------         ENDDO         
  C:0837H         LINE#         8
  C:0837H         LINE#         9
  C:0837H         LINE#         11
  C:0841H         LINE#         12
  C:0841H         LINE#         13
  C:084FH         LINE#         15
  C:0856H         LINE#         16
  -------         ENDPROC       _DELAY
  -------         PROC          _SENDHIGH
  D:0007H         SYMBOL        Data
  C:0925H         LINE#         17
  C:0925H         LINE#         18
  C:0928H         LINE#         19
  C:092DH         LINE#         20
  -------         ENDPROC       _SENDHIGH
BL51 BANKED LINKER/LOCATER V6.22.4.0                                                  07/13/2023  00:30:08  PAGE 4


  -------         PROC          L?0032
  -------         ENDPROC       L?0032
  -------         PROC          _SENDLOW
  D:0007H         SYMBOL        Data
  C:08D9H         LINE#         22
  C:08D9H         LINE#         23
  C:08D9H         LINE#         24
  C:08DCH         LINE#         25
  C:08E2H         LINE#         26
  -------         ENDPROC       _SENDLOW
  -------         PROC          LCD_ENABLE
  C:08E3H         LINE#         28
  C:08E3H         LINE#         29
  C:08E3H         LINE#         30
  C:08E5H         LINE#         31
  C:08ECH         LINE#         32
  C:08EEH         LINE#         33
  -------         ENDPROC       LCD_ENABLE
  -------         PROC          _SENDCMD
  D:0001H         SYMBOL        cmd
  C:090DH         LINE#         37
  C:090FH         LINE#         39
  C:090FH         LINE#         40
  C:0911H         LINE#         41
  C:0913H         LINE#         43
  C:0913H         LINE#         44
  C:0913H         LINE#         45
  C:0916H         LINE#         46
  -------         ENDPROC       _SENDCMD
  -------         PROC          _SENDDATA
  D:0001H         SYMBOL        Data
  C:0919H         LINE#         49
  C:091BH         LINE#         50
  C:091BH         LINE#         51
  C:091DH         LINE#         52
  C:091FH         LINE#         54
  C:091FH         LINE#         55
  C:091FH         LINE#         56
  C:0922H         LINE#         57
  -------         ENDPROC       _SENDDATA
  -------         PROC          LCD_INIT
  C:0800H         LINE#         60
  C:0800H         LINE#         61
  C:0800H         LINE#         62
  C:0807H         LINE#         63
  C:0809H         LINE#         64
  C:080CH         LINE#         65
  C:080EH         LINE#         66
  C:0811H         LINE#         67
  C:0813H         LINE#         68
  C:0816H         LINE#         69
  C:0817H         LINE#         70
  C:081AH         LINE#         71
  C:081CH         LINE#         72
  C:081FH         LINE#         73
  C:0821H         LINE#         74
  C:0824H         LINE#         75
BL51 BANKED LINKER/LOCATER V6.22.4.0                                                  07/13/2023  00:30:08  PAGE 5


  C:0829H         LINE#         76
  -------         ENDPROC       LCD_INIT
  -------         PROC          LCD_CLEAR
  C:092EH         LINE#         80
  C:092EH         LINE#         81
  C:092EH         LINE#         82
  -------         ENDPROC       LCD_CLEAR
  -------         PROC          _SETCURSOR
  D:000BH         SYMBOL        x
  D:0004H         SYMBOL        y
  C:087CH         LINE#         85
  C:0880H         LINE#         86
  C:0880H         LINE#         87
  C:0884H         LINE#         88
  C:0884H         LINE#         89
  C:0889H         LINE#         90
  C:088BH         LINE#         91
  C:0891H         LINE#         92
  C:089BH         LINE#         93
  -------         ENDPROC       _SETCURSOR
  -------         PROC          _PRINTCHAR
  D:0007H         SYMBOL        c
  C:0933H         LINE#         95
  C:0933H         LINE#         96
  C:0933H         LINE#         97
  -------         ENDPROC       _PRINTCHAR
  -------         PROC          _PRINTSTRING
  D:0008H         SYMBOL        c
  C:0857H         LINE#         100
  C:085DH         LINE#         101
  C:085DH         LINE#         102
  C:0868H         LINE#         103
  C:0868H         LINE#         104
  C:0879H         LINE#         105
  C:087BH         LINE#         106
  -------         ENDPROC       _PRINTSTRING
  -------         PROC          MAIN
  C:089CH         LINE#         108
  C:089CH         LINE#         109
  C:089CH         LINE#         111
  C:089FH         LINE#         112
  C:08A6H         LINE#         113
  C:08A6H         LINE#         114
  C:08AFH         LINE#         115
  C:08B6H         LINE#         116
  -------         ENDPROC       MAIN
  -------         ENDMOD        TESST

  -------         MODULE        ?C?CLDPTR
  C:08B8H         PUBLIC        ?C?CLDPTR
  -------         ENDMOD        ?C?CLDPTR

*** WARNING L16: UNCALLED SEGMENT, IGNORED FOR OVERLAY PROCESS
    SEGMENT: ?PR?LCD_CLEAR?TESST

*** WARNING L16: UNCALLED SEGMENT, IGNORED FOR OVERLAY PROCESS
    SEGMENT: ?PR?_SETCURSOR?TESST
BL51 BANKED LINKER/LOCATER V6.22.4.0                                                  07/13/2023  00:30:08  PAGE 6



******************************************************************************
* RESTRICTED VERSION WITH 0800H BYTE CODE SIZE LIMIT; USED: 0120H BYTE (14%) *
******************************************************************************

Program Size: data=14.0 xdata=0 code=313
LINK/LOCATE RUN COMPLETE.  2 WARNING(S),  0 ERROR(S)
